---
created: "2020-05-06T10:43:12.124971300Z"
creator: insta@0.8.2
source: parser/src/parser/expressions/ident.rs
expression: "crate::utils::dump_debug(&parser_output)"
---
SOURCE_FILE@[0; 13)
  FN_DEF@[0; 13)
    FN_KW@[0; 2) "fn"
    WHITESPACE@[2; 3) " "
    NAME@[3; 7)
      IDENT@[3; 7) "main"
    PARAM_LIST@[7; 9)
      L_PAREN@[7; 8) "("
      R_PAREN@[8; 9) ")"
    BLOCK_EXPR@[9; 13)
      BLOCK@[9; 13)
        L_CURLY@[9; 10) "{"
        EXPR_STMT@[10; 11)
          IDENT_EXPR@[10; 11)
            NAME@[10; 11)
              IDENT@[10; 11) "a"
        SEMI@[11; 12) ";"
        R_CURLY@[12; 13) "}"

