---
created: "2020-05-06T10:43:10.865621600Z"
creator: insta@0.8.2
source: parser/src/lexer.rs
expression: get_tokens(input)
---
[
    Span {
        value: Token {
            kind: COMMENT,
            len: 35,
        },
        start: Position {
            column: 1,
            line: 1,
            absolute: 0,
        },
        end: Position {
            column: 36,
            line: 1,
            absolute: 35,
        },
    },
    Span {
        value: Token {
            kind: EOF,
            len: 1,
        },
        start: Position {
            column: 36,
            line: 1,
            absolute: 35,
        },
        end: Position {
            column: 36,
            line: 1,
            absolute: 35,
        },
    },
]
